execve("./main", ["./main"], 0x7fff2013fbc8 /* 11 vars */) = 0 <0.023092>
arch_prctl(ARCH_SET_FS, 0x55e510)       = 0 <0.000019>
sched_getaffinity(0, 8192, [0, 1, 2, 3]) = 16 <0.000033>
openat(AT_FDCWD, "/sys/kernel/mm/transparent_hugepage/hpage_pmd_size", O_RDONLY) = 3 <0.000044>
read(3, "2097152\n", 20)                = 8 <0.000044>
close(3)                                = 0 <0.000028>
mmap(NULL, 262144, PROT_READ|PROT_WRITE, MAP_PRIVATE|MAP_ANONYMOUS, -1, 0) = 0x7f972d2c5000 <0.000079>
mmap(NULL, 131072, PROT_NONE, MAP_PRIVATE|MAP_ANONYMOUS, -1, 0) = 0x7f972d2a5000 <0.000022>
mmap(NULL, 1048576, PROT_NONE, MAP_PRIVATE|MAP_ANONYMOUS, -1, 0) = 0x7f972d1a5000 <0.000041>
mmap(NULL, 8388608, PROT_NONE, MAP_PRIVATE|MAP_ANONYMOUS, -1, 0) = 0x7f972c800000 <0.000028>
mmap(NULL, 67108864, PROT_NONE, MAP_PRIVATE|MAP_ANONYMOUS, -1, 0) = 0x7f9728800000 <0.000027>
mmap(NULL, 536870912, PROT_NONE, MAP_PRIVATE|MAP_ANONYMOUS, -1, 0) = 0x7f9708800000 <0.000025>
mmap(NULL, 536870912, PROT_NONE, MAP_PRIVATE|MAP_ANONYMOUS, -1, 0) = 0x7f96e8800000 <0.000659>
mmap(0xc000000000, 67108864, PROT_NONE, MAP_PRIVATE|MAP_ANONYMOUS, -1, 0) = 0xc000000000 <0.000288>
mmap(NULL, 33554432, PROT_READ|PROT_WRITE, MAP_PRIVATE|MAP_ANONYMOUS, -1, 0) = 0x7f96e6800000 <0.000130>
madvise(0x7f96e6800000, 33554432, MADV_NOHUGEPAGE) = 0 <0.000022>
mmap(NULL, 68624, PROT_READ|PROT_WRITE, MAP_PRIVATE|MAP_ANONYMOUS, -1, 0) = 0x7f972d194000 <0.000058>
mmap(0xc000000000, 4194304, PROT_READ|PROT_WRITE, MAP_PRIVATE|MAP_FIXED|MAP_ANONYMOUS, -1, 0) = 0xc000000000 <0.000036>
mmap(0x7f972d2a5000, 131072, PROT_READ|PROT_WRITE, MAP_PRIVATE|MAP_FIXED|MAP_ANONYMOUS, -1, 0) = 0x7f972d2a5000 <0.000085>
mmap(0x7f972d225000, 4096, PROT_READ|PROT_WRITE, MAP_PRIVATE|MAP_FIXED|MAP_ANONYMOUS, -1, 0) = 0x7f972d225000 <0.000032>
mmap(0x7f972cc06000, 4096, PROT_READ|PROT_WRITE, MAP_PRIVATE|MAP_FIXED|MAP_ANONYMOUS, -1, 0) = 0x7f972cc06000 <0.000029>
mmap(0x7f972a830000, 4096, PROT_READ|PROT_WRITE, MAP_PRIVATE|MAP_FIXED|MAP_ANONYMOUS, -1, 0) = 0x7f972a830000 <0.000044>
mmap(0x7f9718980000, 4096, PROT_READ|PROT_WRITE, MAP_PRIVATE|MAP_FIXED|MAP_ANONYMOUS, -1, 0) = 0x7f9718980000 <0.000039>
mmap(0x7f96f8980000, 4096, PROT_READ|PROT_WRITE, MAP_PRIVATE|MAP_FIXED|MAP_ANONYMOUS, -1, 0) = 0x7f96f8980000 <0.000029>
mmap(NULL, 1048576, PROT_READ|PROT_WRITE, MAP_PRIVATE|MAP_ANONYMOUS, -1, 0) = 0x7f972d094000 <0.000032>
madvise(0x7f972d094000, 1048576, MADV_NOHUGEPAGE) = 0 <0.000022>
mmap(NULL, 65536, PROT_READ|PROT_WRITE, MAP_PRIVATE|MAP_ANONYMOUS, -1, 0) = 0x7f972d084000 <0.000029>
mmap(NULL, 65536, PROT_READ|PROT_WRITE, MAP_PRIVATE|MAP_ANONYMOUS, -1, 0) = 0x7f972d074000 <0.000063>
rt_sigprocmask(SIG_SETMASK, NULL, [], 8) = 0 <0.000017>
fcntl(0, F_GETFD)                       = 0 <0.000018>
fcntl(1, F_GETFD)                       = 0 <0.000019>
fcntl(2, F_GETFD)                       = 0 <0.000056>
sigaltstack(NULL, {ss_sp=NULL, ss_flags=SS_DISABLE, ss_size=0}) = 0 <0.000057>
sigaltstack({ss_sp=0xc000006000, ss_flags=0, ss_size=32768}, NULL) = 0 <0.000023>
rt_sigprocmask(SIG_SETMASK, [], NULL, 8) = 0 <0.000033>
gettid()                                = 76 <0.000032>
rt_sigaction(SIGHUP, NULL, {sa_handler=SIG_DFL, sa_mask=[], sa_flags=0}, 8) = 0 <0.000020>
rt_sigaction(SIGHUP, {sa_handler=0x46f660, sa_mask=~[], sa_flags=SA_RESTORER|SA_ONSTACK|SA_RESTART|SA_SIGINFO, sa_restorer=0x46f7a0}, NULL, 8) = 0 <0.000018>
rt_sigaction(SIGINT, NULL, {sa_handler=SIG_DFL, sa_mask=[], sa_flags=0}, 8) = 0 <0.000017>
rt_sigaction(SIGINT, {sa_handler=0x46f660, sa_mask=~[], sa_flags=SA_RESTORER|SA_ONSTACK|SA_RESTART|SA_SIGINFO, sa_restorer=0x46f7a0}, NULL, 8) = 0 <0.000027>
rt_sigaction(SIGQUIT, NULL, {sa_handler=SIG_DFL, sa_mask=[], sa_flags=0}, 8) = 0 <0.000015>
rt_sigaction(SIGQUIT, {sa_handler=0x46f660, sa_mask=~[], sa_flags=SA_RESTORER|SA_ONSTACK|SA_RESTART|SA_SIGINFO, sa_restorer=0x46f7a0}, NULL, 8) = 0 <0.000017>
rt_sigaction(SIGILL, NULL, {sa_handler=SIG_DFL, sa_mask=[], sa_flags=0}, 8) = 0 <0.000015>
rt_sigaction(SIGILL, {sa_handler=0x46f660, sa_mask=~[], sa_flags=SA_RESTORER|SA_ONSTACK|SA_RESTART|SA_SIGINFO, sa_restorer=0x46f7a0}, NULL, 8) = 0 <0.000019>
rt_sigaction(SIGTRAP, NULL, {sa_handler=SIG_DFL, sa_mask=[], sa_flags=0}, 8) = 0 <0.000016>
rt_sigaction(SIGTRAP, {sa_handler=0x46f660, sa_mask=~[], sa_flags=SA_RESTORER|SA_ONSTACK|SA_RESTART|SA_SIGINFO, sa_restorer=0x46f7a0}, NULL, 8) = 0 <0.000042>
rt_sigaction(SIGABRT, NULL, {sa_handler=SIG_DFL, sa_mask=[], sa_flags=0}, 8) = 0 <0.000017>
rt_sigaction(SIGABRT, {sa_handler=0x46f660, sa_mask=~[], sa_flags=SA_RESTORER|SA_ONSTACK|SA_RESTART|SA_SIGINFO, sa_restorer=0x46f7a0}, NULL, 8) = 0 <0.000022>
rt_sigaction(SIGBUS, NULL, {sa_handler=SIG_DFL, sa_mask=[], sa_flags=0}, 8) = 0 <0.000022>
rt_sigaction(SIGBUS, {sa_handler=0x46f660, sa_mask=~[], sa_flags=SA_RESTORER|SA_ONSTACK|SA_RESTART|SA_SIGINFO, sa_restorer=0x46f7a0}, NULL, 8) = 0 <0.000029>
rt_sigaction(SIGFPE, NULL, {sa_handler=SIG_DFL, sa_mask=[], sa_flags=0}, 8) = 0 <0.000187>
rt_sigaction(SIGFPE, {sa_handler=0x46f660, sa_mask=~[], sa_flags=SA_RESTORER|SA_ONSTACK|SA_RESTART|SA_SIGINFO, sa_restorer=0x46f7a0}, NULL, 8) = 0 <0.000059>
rt_sigaction(SIGUSR1, NULL, {sa_handler=SIG_DFL, sa_mask=[], sa_flags=0}, 8) = 0 <0.000077>
rt_sigaction(SIGUSR1, {sa_handler=0x46f660, sa_mask=~[], sa_flags=SA_RESTORER|SA_ONSTACK|SA_RESTART|SA_SIGINFO, sa_restorer=0x46f7a0}, NULL, 8) = 0 <0.000019>
rt_sigaction(SIGSEGV, NULL, {sa_handler=SIG_DFL, sa_mask=[], sa_flags=0}, 8) = 0 <0.000019>
rt_sigaction(SIGSEGV, {sa_handler=0x46f660, sa_mask=~[], sa_flags=SA_RESTORER|SA_ONSTACK|SA_RESTART|SA_SIGINFO, sa_restorer=0x46f7a0}, NULL, 8) = 0 <0.000033>
rt_sigaction(SIGUSR2, NULL, {sa_handler=SIG_DFL, sa_mask=[], sa_flags=0}, 8) = 0 <0.000015>
rt_sigaction(SIGUSR2, {sa_handler=0x46f660, sa_mask=~[], sa_flags=SA_RESTORER|SA_ONSTACK|SA_RESTART|SA_SIGINFO, sa_restorer=0x46f7a0}, NULL, 8) = 0 <0.000018>
rt_sigaction(SIGPIPE, NULL, {sa_handler=SIG_DFL, sa_mask=[], sa_flags=0}, 8) = 0 <0.000018>
rt_sigaction(SIGPIPE, {sa_handler=0x46f660, sa_mask=~[], sa_flags=SA_RESTORER|SA_ONSTACK|SA_RESTART|SA_SIGINFO, sa_restorer=0x46f7a0}, NULL, 8) = 0 <0.000019>
rt_sigaction(SIGALRM, NULL, {sa_handler=SIG_DFL, sa_mask=[], sa_flags=0}, 8) = 0 <0.000013>
rt_sigaction(SIGALRM, {sa_handler=0x46f660, sa_mask=~[], sa_flags=SA_RESTORER|SA_ONSTACK|SA_RESTART|SA_SIGINFO, sa_restorer=0x46f7a0}, NULL, 8) = 0 <0.000013>
rt_sigaction(SIGTERM, NULL, {sa_handler=SIG_DFL, sa_mask=[], sa_flags=0}, 8) = 0 <0.000012>
rt_sigaction(SIGTERM, {sa_handler=0x46f660, sa_mask=~[], sa_flags=SA_RESTORER|SA_ONSTACK|SA_RESTART|SA_SIGINFO, sa_restorer=0x46f7a0}, NULL, 8) = 0 <0.000019>
rt_sigaction(SIGSTKFLT, NULL, {sa_handler=SIG_DFL, sa_mask=[], sa_flags=0}, 8) = 0 <0.000017>
rt_sigaction(SIGSTKFLT, {sa_handler=0x46f660, sa_mask=~[], sa_flags=SA_RESTORER|SA_ONSTACK|SA_RESTART|SA_SIGINFO, sa_restorer=0x46f7a0}, NULL, 8) = 0 <0.000021>
rt_sigaction(SIGCHLD, NULL, {sa_handler=SIG_DFL, sa_mask=[], sa_flags=0}, 8) = 0 <0.000015>
rt_sigaction(SIGCHLD, {sa_handler=0x46f660, sa_mask=~[], sa_flags=SA_RESTORER|SA_ONSTACK|SA_RESTART|SA_SIGINFO, sa_restorer=0x46f7a0}, NULL, 8) = 0 <0.000019>
rt_sigaction(SIGURG, NULL, {sa_handler=SIG_DFL, sa_mask=[], sa_flags=0}, 8) = 0 <0.000031>
rt_sigaction(SIGURG, {sa_handler=0x46f660, sa_mask=~[], sa_flags=SA_RESTORER|SA_ONSTACK|SA_RESTART|SA_SIGINFO, sa_restorer=0x46f7a0}, NULL, 8) = 0 <0.000028>
rt_sigaction(SIGXCPU, NULL, {sa_handler=SIG_DFL, sa_mask=[], sa_flags=0}, 8) = 0 <0.000019>
rt_sigaction(SIGXCPU, {sa_handler=0x46f660, sa_mask=~[], sa_flags=SA_RESTORER|SA_ONSTACK|SA_RESTART|SA_SIGINFO, sa_restorer=0x46f7a0}, NULL, 8) = 0 <0.000018>
rt_sigaction(SIGXFSZ, NULL, {sa_handler=SIG_DFL, sa_mask=[], sa_flags=0}, 8) = 0 <0.000017>
rt_sigaction(SIGXFSZ, {sa_handler=0x46f660, sa_mask=~[], sa_flags=SA_RESTORER|SA_ONSTACK|SA_RESTART|SA_SIGINFO, sa_restorer=0x46f7a0}, NULL, 8) = 0 <0.000017>
rt_sigaction(SIGVTALRM, NULL, {sa_handler=SIG_DFL, sa_mask=[], sa_flags=0}, 8) = 0 <0.000024>
rt_sigaction(SIGVTALRM, {sa_handler=0x46f660, sa_mask=~[], sa_flags=SA_RESTORER|SA_ONSTACK|SA_RESTART|SA_SIGINFO, sa_restorer=0x46f7a0}, NULL, 8) = 0 <0.000020>
rt_sigaction(SIGPROF, NULL, {sa_handler=SIG_DFL, sa_mask=[], sa_flags=0}, 8) = 0 <0.000029>
rt_sigaction(SIGPROF, {sa_handler=0x46f660, sa_mask=~[], sa_flags=SA_RESTORER|SA_ONSTACK|SA_RESTART|SA_SIGINFO, sa_restorer=0x46f7a0}, NULL, 8) = 0 <0.000016>
rt_sigaction(SIGWINCH, NULL, {sa_handler=SIG_DFL, sa_mask=[], sa_flags=0}, 8) = 0 <0.000015>
rt_sigaction(SIGWINCH, {sa_handler=0x46f660, sa_mask=~[], sa_flags=SA_RESTORER|SA_ONSTACK|SA_RESTART|SA_SIGINFO, sa_restorer=0x46f7a0}, NULL, 8) = 0 <0.000030>
rt_sigaction(SIGIO, NULL, {sa_handler=SIG_DFL, sa_mask=[], sa_flags=0}, 8) = 0 <0.000040>
rt_sigaction(SIGIO, {sa_handler=0x46f660, sa_mask=~[], sa_flags=SA_RESTORER|SA_ONSTACK|SA_RESTART|SA_SIGINFO, sa_restorer=0x46f7a0}, NULL, 8) = 0 <0.000051>
rt_sigaction(SIGPWR, NULL, {sa_handler=SIG_DFL, sa_mask=[], sa_flags=0}, 8) = 0 <0.000114>
rt_sigaction(SIGPWR, {sa_handler=0x46f660, sa_mask=~[], sa_flags=SA_RESTORER|SA_ONSTACK|SA_RESTART|SA_SIGINFO, sa_restorer=0x46f7a0}, NULL, 8) = 0 <0.000017>
rt_sigaction(SIGSYS, NULL, {sa_handler=SIG_DFL, sa_mask=[], sa_flags=0}, 8) = 0 <0.000013>
rt_sigaction(SIGSYS, {sa_handler=0x46f660, sa_mask=~[], sa_flags=SA_RESTORER|SA_ONSTACK|SA_RESTART|SA_SIGINFO, sa_restorer=0x46f7a0}, NULL, 8) = 0 <0.000013>
rt_sigaction(SIGRTMIN, NULL, {sa_handler=SIG_DFL, sa_mask=[], sa_flags=0}, 8) = 0 <0.000012>
rt_sigaction(SIGRT_1, NULL, {sa_handler=SIG_DFL, sa_mask=[], sa_flags=0}, 8) = 0 <0.000012>
rt_sigaction(SIGRT_1, {sa_handler=0x46f660, sa_mask=~[], sa_flags=SA_RESTORER|SA_ONSTACK|SA_RESTART|SA_SIGINFO, sa_restorer=0x46f7a0}, NULL, 8) = 0 <0.000013>
rt_sigaction(SIGRT_2, NULL, {sa_handler=SIG_DFL, sa_mask=[], sa_flags=0}, 8) = 0 <0.000012>
rt_sigaction(SIGRT_3, NULL, {sa_handler=SIG_DFL, sa_mask=[], sa_flags=0}, 8) = 0 <0.000012>
rt_sigaction(SIGRT_3, {sa_handler=0x46f660, sa_mask=~[], sa_flags=SA_RESTORER|SA_ONSTACK|SA_RESTART|SA_SIGINFO, sa_restorer=0x46f7a0}, NULL, 8) = 0 <0.000012>
rt_sigaction(SIGRT_4, NULL, {sa_handler=SIG_DFL, sa_mask=[], sa_flags=0}, 8) = 0 <0.000012>
rt_sigaction(SIGRT_4, {sa_handler=0x46f660, sa_mask=~[], sa_flags=SA_RESTORER|SA_ONSTACK|SA_RESTART|SA_SIGINFO, sa_restorer=0x46f7a0}, NULL, 8) = 0 <0.000012>
rt_sigaction(SIGRT_5, NULL, {sa_handler=SIG_DFL, sa_mask=[], sa_flags=0}, 8) = 0 <0.000012>
rt_sigaction(SIGRT_5, {sa_handler=0x46f660, sa_mask=~[], sa_flags=SA_RESTORER|SA_ONSTACK|SA_RESTART|SA_SIGINFO, sa_restorer=0x46f7a0}, NULL, 8) = 0 <0.000012>
rt_sigaction(SIGRT_6, NULL, {sa_handler=SIG_DFL, sa_mask=[], sa_flags=0}, 8) = 0 <0.000012>
rt_sigaction(SIGRT_6, {sa_handler=0x46f660, sa_mask=~[], sa_flags=SA_RESTORER|SA_ONSTACK|SA_RESTART|SA_SIGINFO, sa_restorer=0x46f7a0}, NULL, 8) = 0 <0.000017>
rt_sigaction(SIGRT_7, NULL, {sa_handler=SIG_DFL, sa_mask=[], sa_flags=0}, 8) = 0 <0.000014>
rt_sigaction(SIGRT_7, {sa_handler=0x46f660, sa_mask=~[], sa_flags=SA_RESTORER|SA_ONSTACK|SA_RESTART|SA_SIGINFO, sa_restorer=0x46f7a0}, NULL, 8) = 0 <0.000012>
rt_sigaction(SIGRT_8, NULL, {sa_handler=SIG_DFL, sa_mask=[], sa_flags=0}, 8) = 0 <0.000013>
rt_sigaction(SIGRT_8, {sa_handler=0x46f660, sa_mask=~[], sa_flags=SA_RESTORER|SA_ONSTACK|SA_RESTART|SA_SIGINFO, sa_restorer=0x46f7a0}, NULL, 8) = 0 <0.000012>
rt_sigaction(SIGRT_9, NULL, {sa_handler=SIG_DFL, sa_mask=[], sa_flags=0}, 8) = 0 <0.000012>
rt_sigaction(SIGRT_9, {sa_handler=0x46f660, sa_mask=~[], sa_flags=SA_RESTORER|SA_ONSTACK|SA_RESTART|SA_SIGINFO, sa_restorer=0x46f7a0}, NULL, 8) = 0 <0.000018>
rt_sigaction(SIGRT_10, NULL, {sa_handler=SIG_DFL, sa_mask=[], sa_flags=0}, 8) = 0 <0.000018>
rt_sigaction(SIGRT_10, {sa_handler=0x46f660, sa_mask=~[], sa_flags=SA_RESTORER|SA_ONSTACK|SA_RESTART|SA_SIGINFO, sa_restorer=0x46f7a0}, NULL, 8) = 0 <0.000012>
rt_sigaction(SIGRT_11, NULL, {sa_handler=SIG_DFL, sa_mask=[], sa_flags=0}, 8) = 0 <0.000012>
rt_sigaction(SIGRT_11, {sa_handler=0x46f660, sa_mask=~[], sa_flags=SA_RESTORER|SA_ONSTACK|SA_RESTART|SA_SIGINFO, sa_restorer=0x46f7a0}, NULL, 8) = 0 <0.000014>
rt_sigaction(SIGRT_12, NULL, {sa_handler=SIG_DFL, sa_mask=[], sa_flags=0}, 8) = 0 <0.000016>
rt_sigaction(SIGRT_12, {sa_handler=0x46f660, sa_mask=~[], sa_flags=SA_RESTORER|SA_ONSTACK|SA_RESTART|SA_SIGINFO, sa_restorer=0x46f7a0}, NULL, 8) = 0 <0.000017>
rt_sigaction(SIGRT_13, NULL, {sa_handler=SIG_DFL, sa_mask=[], sa_flags=0}, 8) = 0 <0.000018>
rt_sigaction(SIGRT_13, {sa_handler=0x46f660, sa_mask=~[], sa_flags=SA_RESTORER|SA_ONSTACK|SA_RESTART|SA_SIGINFO, sa_restorer=0x46f7a0}, NULL, 8) = 0 <0.000016>
rt_sigaction(SIGRT_14, NULL, {sa_handler=SIG_DFL, sa_mask=[], sa_flags=0}, 8) = 0 <0.000016>
rt_sigaction(SIGRT_14, {sa_handler=0x46f660, sa_mask=~[], sa_flags=SA_RESTORER|SA_ONSTACK|SA_RESTART|SA_SIGINFO, sa_restorer=0x46f7a0}, NULL, 8) = 0 <0.000023>
rt_sigaction(SIGRT_15, NULL, {sa_handler=SIG_DFL, sa_mask=[], sa_flags=0}, 8) = 0 <0.000025>
rt_sigaction(SIGRT_15, {sa_handler=0x46f660, sa_mask=~[], sa_flags=SA_RESTORER|SA_ONSTACK|SA_RESTART|SA_SIGINFO, sa_restorer=0x46f7a0}, NULL, 8) = 0 <0.000017>
rt_sigaction(SIGRT_16, NULL, {sa_handler=SIG_DFL, sa_mask=[], sa_flags=0}, 8) = 0 <0.000042>
rt_sigaction(SIGRT_16, {sa_handler=0x46f660, sa_mask=~[], sa_flags=SA_RESTORER|SA_ONSTACK|SA_RESTART|SA_SIGINFO, sa_restorer=0x46f7a0}, NULL, 8) = 0 <0.000030>
rt_sigaction(SIGRT_17, NULL, {sa_handler=SIG_DFL, sa_mask=[], sa_flags=0}, 8) = 0 <0.000030>
rt_sigaction(SIGRT_17, {sa_handler=0x46f660, sa_mask=~[], sa_flags=SA_RESTORER|SA_ONSTACK|SA_RESTART|SA_SIGINFO, sa_restorer=0x46f7a0}, NULL, 8) = 0 <0.000018>
rt_sigaction(SIGRT_18, NULL, {sa_handler=SIG_DFL, sa_mask=[], sa_flags=0}, 8) = 0 <0.000024>
rt_sigaction(SIGRT_18, {sa_handler=0x46f660, sa_mask=~[], sa_flags=SA_RESTORER|SA_ONSTACK|SA_RESTART|SA_SIGINFO, sa_restorer=0x46f7a0}, NULL, 8) = 0 <0.000017>
rt_sigaction(SIGRT_19, NULL, {sa_handler=SIG_DFL, sa_mask=[], sa_flags=0}, 8) = 0 <0.000015>
rt_sigaction(SIGRT_19, {sa_handler=0x46f660, sa_mask=~[], sa_flags=SA_RESTORER|SA_ONSTACK|SA_RESTART|SA_SIGINFO, sa_restorer=0x46f7a0}, NULL, 8) = 0 <0.000012>
rt_sigaction(SIGRT_20, NULL, {sa_handler=SIG_DFL, sa_mask=[], sa_flags=0}, 8) = 0 <0.000011>
rt_sigaction(SIGRT_20, {sa_handler=0x46f660, sa_mask=~[], sa_flags=SA_RESTORER|SA_ONSTACK|SA_RESTART|SA_SIGINFO, sa_restorer=0x46f7a0}, NULL, 8) = 0 <0.000012>
rt_sigaction(SIGRT_21, NULL, {sa_handler=SIG_DFL, sa_mask=[], sa_flags=0}, 8) = 0 <0.000015>
rt_sigaction(SIGRT_21, {sa_handler=0x46f660, sa_mask=~[], sa_flags=SA_RESTORER|SA_ONSTACK|SA_RESTART|SA_SIGINFO, sa_restorer=0x46f7a0}, NULL, 8) = 0 <0.000364>
rt_sigaction(SIGRT_22, NULL, {sa_handler=SIG_DFL, sa_mask=[], sa_flags=0}, 8) = 0 <0.000022>
rt_sigaction(SIGRT_22, {sa_handler=0x46f660, sa_mask=~[], sa_flags=SA_RESTORER|SA_ONSTACK|SA_RESTART|SA_SIGINFO, sa_restorer=0x46f7a0}, NULL, 8) = 0 <0.000019>
rt_sigaction(SIGRT_23, NULL, {sa_handler=SIG_DFL, sa_mask=[], sa_flags=0}, 8) = 0 <0.000013>
rt_sigaction(SIGRT_23, {sa_handler=0x46f660, sa_mask=~[], sa_flags=SA_RESTORER|SA_ONSTACK|SA_RESTART|SA_SIGINFO, sa_restorer=0x46f7a0}, NULL, 8) = 0 <0.000014>
rt_sigaction(SIGRT_24, NULL, {sa_handler=SIG_DFL, sa_mask=[], sa_flags=0}, 8) = 0 <0.000017>
rt_sigaction(SIGRT_24, {sa_handler=0x46f660, sa_mask=~[], sa_flags=SA_RESTORER|SA_ONSTACK|SA_RESTART|SA_SIGINFO, sa_restorer=0x46f7a0}, NULL, 8) = 0 <0.000020>
rt_sigaction(SIGRT_25, NULL, {sa_handler=SIG_DFL, sa_mask=[], sa_flags=0}, 8) = 0 <0.000017>
rt_sigaction(SIGRT_25, {sa_handler=0x46f660, sa_mask=~[], sa_flags=SA_RESTORER|SA_ONSTACK|SA_RESTART|SA_SIGINFO, sa_restorer=0x46f7a0}, NULL, 8) = 0 <0.000017>
rt_sigaction(SIGRT_26, NULL, {sa_handler=SIG_DFL, sa_mask=[], sa_flags=0}, 8) = 0 <0.000016>
rt_sigaction(SIGRT_26, {sa_handler=0x46f660, sa_mask=~[], sa_flags=SA_RESTORER|SA_ONSTACK|SA_RESTART|SA_SIGINFO, sa_restorer=0x46f7a0}, NULL, 8) = 0 <0.000015>
rt_sigaction(SIGRT_27, NULL, {sa_handler=SIG_DFL, sa_mask=[], sa_flags=0}, 8) = 0 <0.000017>
rt_sigaction(SIGRT_27, {sa_handler=0x46f660, sa_mask=~[], sa_flags=SA_RESTORER|SA_ONSTACK|SA_RESTART|SA_SIGINFO, sa_restorer=0x46f7a0}, NULL, 8) = 0 <0.000014>
rt_sigaction(SIGRT_28, NULL, {sa_handler=SIG_DFL, sa_mask=[], sa_flags=0}, 8) = 0 <0.000031>
rt_sigaction(SIGRT_28, {sa_handler=0x46f660, sa_mask=~[], sa_flags=SA_RESTORER|SA_ONSTACK|SA_RESTART|SA_SIGINFO, sa_restorer=0x46f7a0}, NULL, 8) = 0 <0.000027>
rt_sigaction(SIGRT_29, NULL, {sa_handler=SIG_DFL, sa_mask=[], sa_flags=0}, 8) = 0 <0.000015>
rt_sigaction(SIGRT_29, {sa_handler=0x46f660, sa_mask=~[], sa_flags=SA_RESTORER|SA_ONSTACK|SA_RESTART|SA_SIGINFO, sa_restorer=0x46f7a0}, NULL, 8) = 0 <0.000030>
rt_sigaction(SIGRT_30, NULL, {sa_handler=SIG_DFL, sa_mask=[], sa_flags=0}, 8) = 0 <0.000027>
rt_sigaction(SIGRT_30, {sa_handler=0x46f660, sa_mask=~[], sa_flags=SA_RESTORER|SA_ONSTACK|SA_RESTART|SA_SIGINFO, sa_restorer=0x46f7a0}, NULL, 8) = 0 <0.000019>
rt_sigaction(SIGRT_31, NULL, {sa_handler=SIG_DFL, sa_mask=[], sa_flags=0}, 8) = 0 <0.000080>
rt_sigaction(SIGRT_31, {sa_handler=0x46f660, sa_mask=~[], sa_flags=SA_RESTORER|SA_ONSTACK|SA_RESTART|SA_SIGINFO, sa_restorer=0x46f7a0}, NULL, 8) = 0 <0.000034>
rt_sigaction(SIGRT_32, NULL, {sa_handler=SIG_DFL, sa_mask=[], sa_flags=0}, 8) = 0 <0.000021>
rt_sigaction(SIGRT_32, {sa_handler=0x46f660, sa_mask=~[], sa_flags=SA_RESTORER|SA_ONSTACK|SA_RESTART|SA_SIGINFO, sa_restorer=0x46f7a0}, NULL, 8) = 0 <0.000113>
rt_sigprocmask(SIG_SETMASK, ~[], [], 8) = 0 <0.000021>
clone(child_stack=0xc000024000, flags=CLONE_VM|CLONE_FS|CLONE_FILES|CLONE_SIGHAND|CLONE_THREAD|CLONE_SYSVSEM|CLONE_SETTLS, tls=0xc000044098) = 77 <0.000096>
rt_sigprocmask(SIG_SETMASK, [], NULL, 8) = 0 <0.000023>
--- SIGURG {si_signo=SIGURG, si_code=SI_TKILL, si_pid=76, si_uid=0} ---
rt_sigreturn({mask=[]})                 = 5283860 <0.000023>
--- SIGURG {si_signo=SIGURG, si_code=SI_TKILL, si_pid=76, si_uid=0} ---
rt_sigreturn({mask=[]})                 = 5283860 <0.000020>
--- SIGURG {si_signo=SIGURG, si_code=SI_TKILL, si_pid=76, si_uid=0} ---
rt_sigreturn({mask=[]})                 = 5283860 <0.000022>
--- SIGURG {si_signo=SIGURG, si_code=SI_TKILL, si_pid=76, si_uid=0} ---
rt_sigreturn({mask=[]})                 = 5283860 <0.000037>
--- SIGURG {si_signo=SIGURG, si_code=SI_TKILL, si_pid=76, si_uid=0} ---
rt_sigreturn({mask=[]})                 = 5283860 <0.000015>
--- SIGURG {si_signo=SIGURG, si_code=SI_TKILL, si_pid=76, si_uid=0} ---
rt_sigreturn({mask=[]})                 = 5283860 <0.000017>
--- SIGURG {si_signo=SIGURG, si_code=SI_TKILL, si_pid=76, si_uid=0} ---
rt_sigreturn({mask=[]})                 = 5283860 <0.000016>
rt_sigprocmask(SIG_SETMASK, ~[], [], 8) = 0 <0.000015>
clone(child_stack=0xc00005e000, flags=CLONE_VM|CLONE_FS|CLONE_FILES|CLONE_SIGHAND|CLONE_THREAD|CLONE_SYSVSEM|CLONE_SETTLS, tls=0xc000044898) = 78 <0.000333>
rt_sigprocmask(SIG_SETMASK, [], NULL, 8) = 0 <0.000170>
futex(0xc000044948, FUTEX_WAKE_PRIVATE, 1) = 1 <0.000016>
futex(0x55e5c0, FUTEX_WAIT_PRIVATE, 0, NULL) = 0 <0.018278>
prlimit64(0, RLIMIT_NOFILE, NULL, {rlim_cur=1024*1024, rlim_max=1024*1024}) = 0 <0.000020>
fcntl(0, F_GETFL)                       = 0x8002 (flags O_RDWR|O_LARGEFILE) <0.000158>
futex(0xc000044948, FUTEX_WAKE_PRIVATE, 1) = 1 <0.000125>
fcntl(1, F_GETFL)                       = 0x8002 (flags O_RDWR|O_LARGEFILE) <0.000015>
fcntl(2, F_GETFL)                       = 0x8002 (flags O_RDWR|O_LARGEFILE) <0.000075>
write(1, "Hello, World!\n", 14)         = 14 <0.000079>
exit_group(0)                           = ?
+++ exited with 0 +++
